// Jest Snapshot v1, https://goo.gl/fbAQLP

exports[`Cultural Page renders the CulturalClient component 1`] = `<Cultural />`;
