// Jest Snapshot v1, https://goo.gl/fbAQLP

exports[`NewDetail Component renders correctly with valid unit data 1`] = `undefined`;
