// Jest Snapshot v1, https://goo.gl/fbAQLP

exports[`Home Page renders correctly with fetched data 1`] = `<Home />`;
