// Jest Snapshot v1, https://goo.gl/fbAQLP

exports[`About Page renders the AboutClient component 1`] = `<About />`;
