// Jest Snapshot v1, https://goo.gl/fbAQLP

exports[`Contact Page renders the ContactClient component 1`] = `<Contact />`;
